// Jest Snapshot v1, https://goo.gl/fbAQLP

exports[`Button postlogin should render postlogin correctly 1`] = `
<postLogin
  name="post login button test"
/>
`;

exports[`dataupload should render dataupload correctly 1`] = `
<DataUpload
  name="dataupload file test"
/>
`;
