// Jest Snapshot v1, https://goo.gl/fbAQLP

exports[`Button postlogin should render postlogin correctly 1`] = `
<postLogin
  name="post login button test"
/>
`;
